Archive member included to satisfy reference by file (symbol)

/opt/st/stm32cubeide_1.4.0/plugins/com.st.stm32cube.ide.mcu.externaltools.gnu-tools-for-stm32.7-2018-q2-update.linux64_1.4.0.202007081208/tools/bin/../lib/gcc/arm-none-eabi/7.3.1/../../../../arm-none-eabi/lib/thumb/v7e-m/fpv5/hard/libc_nano.a(lib_a-errno.o)
                              Core/Src/syscalls.o (__errno)
/opt/st/stm32cubeide_1.4.0/plugins/com.st.stm32cube.ide.mcu.externaltools.gnu-tools-for-stm32.7-2018-q2-update.linux64_1.4.0.202007081208/tools/bin/../lib/gcc/arm-none-eabi/7.3.1/../../../../arm-none-eabi/lib/thumb/v7e-m/fpv5/hard/libc_nano.a(lib_a-exit.o)
                              /opt/st/stm32cubeide_1.4.0/plugins/com.st.stm32cube.ide.mcu.externaltools.gnu-tools-for-stm32.7-2018-q2-update.linux64_1.4.0.202007081208/tools/bin/../lib/gcc/arm-none-eabi/7.3.1/../../../../arm-none-eabi/lib/thumb/v7e-m/fpv5/hard/crt0.o (exit)
/opt/st/stm32cubeide_1.4.0/plugins/com.st.stm32cube.ide.mcu.externaltools.gnu-tools-for-stm32.7-2018-q2-update.linux64_1.4.0.202007081208/tools/bin/../lib/gcc/arm-none-eabi/7.3.1/../../../../arm-none-eabi/lib/thumb/v7e-m/fpv5/hard/libc_nano.a(lib_a-impure.o)
                              /opt/st/stm32cubeide_1.4.0/plugins/com.st.stm32cube.ide.mcu.externaltools.gnu-tools-for-stm32.7-2018-q2-update.linux64_1.4.0.202007081208/tools/bin/../lib/gcc/arm-none-eabi/7.3.1/../../../../arm-none-eabi/lib/thumb/v7e-m/fpv5/hard/libc_nano.a(lib_a-exit.o) (_global_impure_ptr)
/opt/st/stm32cubeide_1.4.0/plugins/com.st.stm32cube.ide.mcu.externaltools.gnu-tools-for-stm32.7-2018-q2-update.linux64_1.4.0.202007081208/tools/bin/../lib/gcc/arm-none-eabi/7.3.1/../../../../arm-none-eabi/lib/thumb/v7e-m/fpv5/hard/libc_nano.a(lib_a-init.o)
                              /opt/st/stm32cubeide_1.4.0/plugins/com.st.stm32cube.ide.mcu.externaltools.gnu-tools-for-stm32.7-2018-q2-update.linux64_1.4.0.202007081208/tools/bin/../lib/gcc/arm-none-eabi/7.3.1/../../../../arm-none-eabi/lib/thumb/v7e-m/fpv5/hard/crt0.o (__libc_init_array)
/opt/st/stm32cubeide_1.4.0/plugins/com.st.stm32cube.ide.mcu.externaltools.gnu-tools-for-stm32.7-2018-q2-update.linux64_1.4.0.202007081208/tools/bin/../lib/gcc/arm-none-eabi/7.3.1/../../../../arm-none-eabi/lib/thumb/v7e-m/fpv5/hard/libc_nano.a(lib_a-memset.o)
                              /opt/st/stm32cubeide_1.4.0/plugins/com.st.stm32cube.ide.mcu.externaltools.gnu-tools-for-stm32.7-2018-q2-update.linux64_1.4.0.202007081208/tools/bin/../lib/gcc/arm-none-eabi/7.3.1/../../../../arm-none-eabi/lib/thumb/v7e-m/fpv5/hard/crt0.o (memset)

Allocating common symbols
Common symbol       size              file

uwTick              0x4               Drivers/STM32H7xx_HAL_Driver/Src/stm32h7xx_hal.o
pFlash              0x1c              Drivers/STM32H7xx_HAL_Driver/Src/stm32h7xx_hal_flash.o

Discarded input sections

 .text          0x0000000000000000        0x0 /opt/st/stm32cubeide_1.4.0/plugins/com.st.stm32cube.ide.mcu.externaltools.gnu-tools-for-stm32.7-2018-q2-update.linux64_1.4.0.202007081208/tools/bin/../lib/gcc/arm-none-eabi/7.3.1/thumb/v7e-m/fpv5/hard/crti.o
 .data          0x0000000000000000        0x0 /opt/st/stm32cubeide_1.4.0/plugins/com.st.stm32cube.ide.mcu.externaltools.gnu-tools-for-stm32.7-2018-q2-update.linux64_1.4.0.202007081208/tools/bin/../lib/gcc/arm-none-eabi/7.3.1/thumb/v7e-m/fpv5/hard/crti.o
 .bss           0x0000000000000000        0x0 /opt/st/stm32cubeide_1.4.0/plugins/com.st.stm32cube.ide.mcu.externaltools.gnu-tools-for-stm32.7-2018-q2-update.linux64_1.4.0.202007081208/tools/bin/../lib/gcc/arm-none-eabi/7.3.1/thumb/v7e-m/fpv5/hard/crti.o
 .data          0x0000000000000000        0x4 /opt/st/stm32cubeide_1.4.0/plugins/com.st.stm32cube.ide.mcu.externaltools.gnu-tools-for-stm32.7-2018-q2-update.linux64_1.4.0.202007081208/tools/bin/../lib/gcc/arm-none-eabi/7.3.1/thumb/v7e-m/fpv5/hard/crtbegin.o
 .text          0x0000000000000000       0x74 /opt/st/stm32cubeide_1.4.0/plugins/com.st.stm32cube.ide.mcu.externaltools.gnu-tools-for-stm32.7-2018-q2-update.linux64_1.4.0.202007081208/tools/bin/../lib/gcc/arm-none-eabi/7.3.1/../../../../arm-none-eabi/lib/thumb/v7e-m/fpv5/hard/crt0.o
 .data          0x0000000000000000        0x0 /opt/st/stm32cubeide_1.4.0/plugins/com.st.stm32cube.ide.mcu.externaltools.gnu-tools-for-stm32.7-2018-q2-update.linux64_1.4.0.202007081208/tools/bin/../lib/gcc/arm-none-eabi/7.3.1/../../../../arm-none-eabi/lib/thumb/v7e-m/fpv5/hard/crt0.o
 .bss           0x0000000000000000        0x0 /opt/st/stm32cubeide_1.4.0/plugins/com.st.stm32cube.ide.mcu.externaltools.gnu-tools-for-stm32.7-2018-q2-update.linux64_1.4.0.202007081208/tools/bin/../lib/gcc/arm-none-eabi/7.3.1/../../../../arm-none-eabi/lib/thumb/v7e-m/fpv5/hard/crt0.o
 .ARM.extab     0x0000000000000000        0x0 /opt/st/stm32cubeide_1.4.0/plugins/com.st.stm32cube.ide.mcu.externaltools.gnu-tools-for-stm32.7-2018-q2-update.linux64_1.4.0.202007081208/tools/bin/../lib/gcc/arm-none-eabi/7.3.1/../../../../arm-none-eabi/lib/thumb/v7e-m/fpv5/hard/crt0.o
[...]
Memory Configuration

Name             Origin             Length             Attributes
DTCMRAM          0x0000000020000000 0x0000000000020000 xrw
ITCMRAM          0x0000000000000000 0x0000000000010000 xrw
RAM_D1           0x0000000024000000 0x0000000000080000 xrw
RAM_D2           0x0000000030000000 0x0000000000048000 xrw
RAM_D3           0x0000000038000000 0x0000000000010000 xrw
FLASH            0x0000000008000000 0x0000000000200000 xr
*default*        0x0000000000000000 0xffffffffffffffff

Linker script and memory map

LOAD /opt/st/stm32cubeide_1.4.0/plugins/com.st.stm32cube.ide.mcu.externaltools.gnu-tools-for-stm32.7-2018-q2-update.linux64_1.4.0.202007081208/tools/bin/../lib/gcc/arm-none-eabi/7.3.1/thumb/v7e-m/fpv5/hard/crti.o
LOAD /opt/st/stm32cubeide_1.4.0/plugins/com.st.stm32cube.ide.mcu.externaltools.gnu-tools-for-stm32.7-2018-q2-update.linux64_1.4.0.202007081208/tools/bin/../lib/gcc/arm-none-eabi/7.3.1/thumb/v7e-m/fpv5/hard/crtbegin.o
LOAD /opt/st/stm32cubeide_1.4.0/plugins/com.st.stm32cube.ide.mcu.externaltools.gnu-tools-for-stm32.7-2018-q2-update.linux64_1.4.0.202007081208/tools/bin/../lib/gcc/arm-none-eabi/7.3.1/../../../../arm-none-eabi/lib/thumb/v7e-m/fpv5/hard/crt0.o
LOAD Core/Lib/kontrolka.o
LOAD Core/Src/gpio.o
LOAD Core/Src/main.o
LOAD Core/Src/stm32h7xx_hal_msp.o
LOAD Core/Src/stm32h7xx_it.o
LOAD Core/Src/syscalls.o
LOAD Core/Src/sysmem.o
LOAD Core/Src/system_stm32h7xx.o
LOAD Core/Startup/startup_stm32h743zitx.o
LOAD Drivers/STM32H7xx_HAL_Driver/Src/stm32h7xx_hal.o
LOAD Drivers/STM32H7xx_HAL_Driver/Src/stm32h7xx_hal_cortex.o
LOAD Drivers/STM32H7xx_HAL_Driver/Src/stm32h7xx_hal_dma.o
LOAD Drivers/STM32H7xx_HAL_Driver/Src/stm32h7xx_hal_dma_ex.o
LOAD Drivers/STM32H7xx_HAL_Driver/Src/stm32h7xx_hal_exti.o
LOAD Drivers/STM32H7xx_HAL_Driver/Src/stm32h7xx_hal_flash.o
LOAD Drivers/STM32H7xx_HAL_Driver/Src/stm32h7xx_hal_flash_ex.o
LOAD Drivers/STM32H7xx_HAL_Driver/Src/stm32h7xx_hal_gpio.o
LOAD Drivers/STM32H7xx_HAL_Driver/Src/stm32h7xx_hal_hsem.o
LOAD Drivers/STM32H7xx_HAL_Driver/Src/stm32h7xx_hal_i2c.o
LOAD Drivers/STM32H7xx_HAL_Driver/Src/stm32h7xx_hal_i2c_ex.o
LOAD Drivers/STM32H7xx_HAL_Driver/Src/stm32h7xx_hal_mdma.o
LOAD Drivers/STM32H7xx_HAL_Driver/Src/stm32h7xx_hal_pwr.o
LOAD Drivers/STM32H7xx_HAL_Driver/Src/stm32h7xx_hal_pwr_ex.o
LOAD Drivers/STM32H7xx_HAL_Driver/Src/stm32h7xx_hal_rcc.o
LOAD Drivers/STM32H7xx_HAL_Driver/Src/stm32h7xx_hal_rcc_ex.o
LOAD Drivers/STM32H7xx_HAL_Driver/Src/stm32h7xx_hal_tim.o
LOAD Drivers/STM32H7xx_HAL_Driver/Src/stm32h7xx_hal_tim_ex.o
START GROUP
LOAD /opt/st/stm32cubeide_1.4.0/plugins/com.st.stm32cube.ide.mcu.externaltools.gnu-tools-for-stm32.7-2018-q2-update.linux64_1.4.0.202007081208/tools/bin/../lib/gcc/arm-none-eabi/7.3.1/../../../../arm-none-eabi/lib/thumb/v7e-m/fpv5/hard/libc_nano.a
LOAD /opt/st/stm32cubeide_1.4.0/plugins/com.st.stm32cube.ide.mcu.externaltools.gnu-tools-for-stm32.7-2018-q2-update.linux64_1.4.0.202007081208/tools/bin/../lib/gcc/arm-none-eabi/7.3.1/../../../../arm-none-eabi/lib/thumb/v7e-m/fpv5/hard/libm.a
END GROUP
START GROUP
LOAD /opt/st/stm32cubeide_1.4.0/plugins/com.st.stm32cube.ide.mcu.externaltools.gnu-tools-for-stm32.7-2018-q2-update.linux64_1.4.0.202007081208/tools/bin/../lib/gcc/arm-none-eabi/7.3.1/thumb/v7e-m/fpv5/hard/libgcc.a
LOAD /opt/st/stm32cubeide_1.4.0/plugins/com.st.stm32cube.ide.mcu.externaltools.gnu-tools-for-stm32.7-2018-q2-update.linux64_1.4.0.202007081208/tools/bin/../lib/gcc/arm-none-eabi/7.3.1/../../../../arm-none-eabi/lib/thumb/v7e-m/fpv5/hard/libc_nano.a
END GROUP
START GROUP
LOAD /opt/st/stm32cubeide_1.4.0/plugins/com.st.stm32cube.ide.mcu.externaltools.gnu-tools-for-stm32.7-2018-q2-update.linux64_1.4.0.202007081208/tools/bin/../lib/gcc/arm-none-eabi/7.3.1/thumb/v7e-m/fpv5/hard/libgcc.a
LOAD /opt/st/stm32cubeide_1.4.0/plugins/com.st.stm32cube.ide.mcu.externaltools.gnu-tools-for-stm32.7-2018-q2-update.linux64_1.4.0.202007081208/tools/bin/../lib/gcc/arm-none-eabi/7.3.1/../../../../arm-none-eabi/lib/thumb/v7e-m/fpv5/hard/libc_nano.a
LOAD /opt/st/stm32cubeide_1.4.0/plugins/com.st.stm32cube.ide.mcu.externaltools.gnu-tools-for-stm32.7-2018-q2-update.linux64_1.4.0.202007081208/tools/bin/../lib/gcc/arm-none-eabi/7.3.1/../../../../arm-none-eabi/lib/thumb/v7e-m/fpv5/hard/libnosys.a
END GROUP
START GROUP
LOAD /opt/st/stm32cubeide_1.4.0/plugins/com.st.stm32cube.ide.mcu.externaltools.gnu-tools-for-stm32.7-2018-q2-update.linux64_1.4.0.202007081208/tools/bin/../lib/gcc/arm-none-eabi/7.3.1/thumb/v7e-m/fpv5/hard/libgcc.a
LOAD /opt/st/stm32cubeide_1.4.0/plugins/com.st.stm32cube.ide.mcu.externaltools.gnu-tools-for-stm32.7-2018-q2-update.linux64_1.4.0.202007081208/tools/bin/../lib/gcc/arm-none-eabi/7.3.1/../../../../arm-none-eabi/lib/thumb/v7e-m/fpv5/hard/libc_nano.a
LOAD /opt/st/stm32cubeide_1.4.0/plugins/com.st.stm32cube.ide.mcu.externaltools.gnu-tools-for-stm32.7-2018-q2-update.linux64_1.4.0.202007081208/tools/bin/../lib/gcc/arm-none-eabi/7.3.1/../../../../arm-none-eabi/lib/thumb/v7e-m/fpv5/hard/libnosys.a
END GROUP
LOAD /opt/st/stm32cubeide_1.4.0/plugins/com.st.stm32cube.ide.mcu.externaltools.gnu-tools-for-stm32.7-2018-q2-update.linux64_1.4.0.202007081208/tools/bin/../lib/gcc/arm-none-eabi/7.3.1/thumb/v7e-m/fpv5/hard/crtend.o
LOAD /opt/st/stm32cubeide_1.4.0/plugins/com.st.stm32cube.ide.mcu.externaltools.gnu-tools-for-stm32.7-2018-q2-update.linux64_1.4.0.202007081208/tools/bin/../lib/gcc/arm-none-eabi/7.3.1/thumb/v7e-m/fpv5/hard/crtn.o
                0x0000000024080000                _estack = (ORIGIN (RAM_D1) + LENGTH (RAM_D1))
                0x0000000000000200                _Min_Heap_Size = 0x200
                0x0000000000000400                _Min_Stack_Size = 0x400

.isr_vector     0x0000000008000000      0x298
                0x0000000008000000                . = ALIGN (0x4)
 *(.isr_vector)
 .isr_vector    0x0000000008000000      0x298 Core/Startup/startup_stm32h743zitx.o
                0x0000000008000000                g_pfnVectors
                0x0000000008000298                . = ALIGN (0x4)

.text           0x0000000008000298     0x1a60
                0x0000000008000298                . = ALIGN (0x4)
 *(.text)
 .text          0x0000000008000298       0x40 /opt/st/stm32cubeide_1.4.0/plugins/com.st.stm32cube.ide.mcu.externaltools.gnu-tools-for-stm32.7-2018-q2-update.linux64_1.4.0.202007081208/tools/bin/../lib/gcc/arm-none-eabi/7.3.1/thumb/v7e-m/fpv5/hard/crtbegin.o
 *(.text*)
 .text.MX_GPIO_Init
                0x00000000080002d8       0x8c Core/Src/gpio.o
                0x00000000080002d8                MX_GPIO_Init
 .text.main     0x0000000008000364       0x30 Core/Src/main.o
                0x0000000008000364                main
 .text.SystemClock_Config
                0x0000000008000394       0xf4 Core/Src/main.o
                0x0000000008000394                SystemClock_Config
 .text.Error_Handler
                0x0000000008000488        0xe Core/Src/main.o
                0x0000000008000488                Error_Handler
 *fill*         0x0000000008000496        0x2 
 .text.HAL_MspInit
                0x0000000008000498       0x34 Core/Src/stm32h7xx_hal_msp.o
                0x0000000008000498                HAL_MspInit
 .text.NMI_Handler
                0x00000000080004cc        0xe Core/Src/stm32h7xx_it.o
                0x00000000080004cc                NMI_Handler
 .text.HardFault_Handler
                0x00000000080004da        0x6 Core/Src/stm32h7xx_it.o
                0x00000000080004da                HardFault_Handler
 .text.MemManage_Handler
                0x00000000080004e0        0x6 Core/Src/stm32h7xx_it.o
                0x00000000080004e0                MemManage_Handler
 .text.BusFault_Handler
                0x00000000080004e6        0x6 Core/Src/stm32h7xx_it.o
                0x00000000080004e6                BusFault_Handler
 .text.UsageFault_Handler
                0x00000000080004ec        0x6 Core/Src/stm32h7xx_it.o
                0x00000000080004ec                UsageFault_Handler
 .text.SVC_Handler
                0x00000000080004f2        0xe Core/Src/stm32h7xx_it.o
                0x00000000080004f2                SVC_Handler
 .text.DebugMon_Handler
                0x0000000008000500        0xe Core/Src/stm32h7xx_it.o
                0x0000000008000500                DebugMon_Handler
 .text.PendSV_Handler
                0x000000000800050e        0xe Core/Src/stm32h7xx_it.o
                0x000000000800050e                PendSV_Handler
 .text.SysTick_Handler
                0x000000000800051c        0xc Core/Src/stm32h7xx_it.o
                0x000000000800051c                SysTick_Handler
 .text.SystemInit
                0x0000000008000528      0x118 Core/Src/system_stm32h7xx.o
                0x0000000008000528                SystemInit
 .text.Reset_Handler
                0x0000000008000640       0x50 Core/Startup/startup_stm32h743zitx.o
                0x0000000008000640                Reset_Handler
 .text.Default_Handler
                0x0000000008000690        0x2 Core/Startup/startup_stm32h743zitx.o
                0x0000000008000690                RTC_Alarm_IRQHandler
                0x0000000008000690                EXTI2_IRQHandler
                0x0000000008000690                TIM8_CC_IRQHandler
                0x0000000008000690                HRTIM1_Master_IRQHandler
                0x0000000008000690                UART8_IRQHandler
                0x0000000008000690                SPI4_IRQHandler
                0x0000000008000690                TIM1_CC_IRQHandler
                0x0000000008000690                BDMA_Channel6_IRQHandler
                0x0000000008000690                DMA2_Stream5_IRQHandler
                0x0000000008000690                HRTIM1_FLT_IRQHandler
                0x0000000008000690                JPEG_IRQHandler
                0x0000000008000690                DMA1_Stream5_IRQHandler
                0x0000000008000690                BDMA_Channel1_IRQHandler
                0x0000000008000690                HRTIM1_TIMD_IRQHandler
                0x0000000008000690                TAMP_STAMP_IRQHandler
                0x0000000008000690                EXTI3_IRQHandler
                0x0000000008000690                LPTIM4_IRQHandler
                0x0000000008000690                TIM8_TRG_COM_TIM14_IRQHandler
                0x0000000008000690                LPTIM2_IRQHandler
                0x0000000008000690                DFSDM1_FLT1_IRQHandler
                0x0000000008000690                DMAMUX2_OVR_IRQHandler
                0x0000000008000690                TIM8_UP_TIM13_IRQHandler
                0x0000000008000690                I2C3_ER_IRQHandler
                0x0000000008000690                DFSDM1_FLT2_IRQHandler
                0x0000000008000690                MDMA_IRQHandler
                0x0000000008000690                LPTIM3_IRQHandler
                0x0000000008000690                HSEM1_IRQHandler
                0x0000000008000690                EXTI0_IRQHandler
                0x0000000008000690                I2C2_EV_IRQHandler
                0x0000000008000690                DMA1_Stream2_IRQHandler
                0x0000000008000690                FPU_IRQHandler
                0x0000000008000690                OTG_HS_WKUP_IRQHandler
                0x0000000008000690                FDCAN1_IT1_IRQHandler
                0x0000000008000690                LTDC_ER_IRQHandler
                0x0000000008000690                DMA2_Stream2_IRQHandler
                0x0000000008000690                HRTIM1_TIME_IRQHandler
                0x0000000008000690                SPI1_IRQHandler
                0x0000000008000690                TIM6_DAC_IRQHandler
                0x0000000008000690                DCMI_IRQHandler
                0x0000000008000690                HRTIM1_TIMC_IRQHandler
                0x0000000008000690                DMA2_Stream3_IRQHandler
                0x0000000008000690                SAI2_IRQHandler
                0x0000000008000690                DFSDM1_FLT3_IRQHandler
                0x0000000008000690                USART6_IRQHandler
                0x0000000008000690                TIM17_IRQHandler
                0x0000000008000690                USART3_IRQHandler
                0x0000000008000690                BDMA_Channel7_IRQHandler
                0x0000000008000690                LPTIM5_IRQHandler
                0x0000000008000690                UART5_IRQHandler
                0x0000000008000690                ADC3_IRQHandler
                0x0000000008000690                DMA2_Stream0_IRQHandler
                0x0000000008000690                TIM4_IRQHandler
                0x0000000008000690                BDMA_Channel2_IRQHandler
                0x0000000008000690                QUADSPI_IRQHandler
                0x0000000008000690                I2C1_EV_IRQHandler
                0x0000000008000690                DMA1_Stream6_IRQHandler
                0x0000000008000690                DMAMUX1_OVR_IRQHandler
                0x0000000008000690                DMA1_Stream1_IRQHandler
                0x0000000008000690                TIM16_IRQHandler
                0x0000000008000690                UART4_IRQHandler
                0x0000000008000690                BDMA_Channel5_IRQHandler
                0x0000000008000690                TIM3_IRQHandler
                0x0000000008000690                RCC_IRQHandler
                0x0000000008000690                TIM8_BRK_TIM12_IRQHandler
                0x0000000008000690                TIM1_TRG_COM_IRQHandler
                0x0000000008000690                Default_Handler
                0x0000000008000690                ECC_IRQHandler
                0x0000000008000690                CEC_IRQHandler
                0x0000000008000690                EXTI15_10_IRQHandler
                0x0000000008000690                BDMA_Channel0_IRQHandler
                0x0000000008000690                ADC_IRQHandler
                0x0000000008000690                DMA1_Stream7_IRQHandler
                0x0000000008000690                HRTIM1_TIMA_IRQHandler
                0x0000000008000690                SPI5_IRQHandler
                0x0000000008000690                TIM7_IRQHandler
                0x0000000008000690                SDMMC1_IRQHandler
                0x0000000008000690                TIM5_IRQHandler
                0x0000000008000690                DMA2_Stream7_IRQHandler
                0x0000000008000690                TIM15_IRQHandler
                0x0000000008000690                PVD_AVD_IRQHandler
                0x0000000008000690                I2C3_EV_IRQHandler
                0x0000000008000690                EXTI9_5_IRQHandler
                0x0000000008000690                RTC_WKUP_IRQHandler
                0x0000000008000690                LTDC_IRQHandler
                0x0000000008000690                SAI3_IRQHandler
                0x0000000008000690                ETH_WKUP_IRQHandler
                0x0000000008000690                SPDIF_RX_IRQHandler
                0x0000000008000690                SPI2_IRQHandler
                0x0000000008000690                OTG_HS_EP1_IN_IRQHandler
                0x0000000008000690                DMA1_Stream0_IRQHandler
                0x0000000008000690                CRS_IRQHandler
                0x0000000008000690                EXTI4_IRQHandler
                0x0000000008000690                RNG_IRQHandler
                0x0000000008000690                HRTIM1_TIMB_IRQHandler
                0x0000000008000690                FDCAN2_IT1_IRQHandler
                0x0000000008000690                ETH_IRQHandler
                0x0000000008000690                TIM1_UP_IRQHandler
                0x0000000008000690                BDMA_Channel4_IRQHandler
                0x0000000008000690                OTG_HS_EP1_OUT_IRQHandler
                0x0000000008000690                WWDG_IRQHandler
                0x0000000008000690                SPI6_IRQHandler
                0x0000000008000690                MDIOS_IRQHandler
                0x0000000008000690                I2C4_EV_IRQHandler
                0x0000000008000690                FDCAN2_IT0_IRQHandler
                0x0000000008000690                LPUART1_IRQHandler
                0x0000000008000690                FDCAN1_IT0_IRQHandler
                0x0000000008000690                TIM2_IRQHandler
                0x0000000008000690                OTG_FS_WKUP_IRQHandler
                0x0000000008000690                OTG_HS_IRQHandler
                0x0000000008000690                DMA2D_IRQHandler
                0x0000000008000690                TIM1_BRK_IRQHandler
                0x0000000008000690                EXTI1_IRQHandler
                0x0000000008000690                SDMMC2_IRQHandler
                0x0000000008000690                OTG_FS_EP1_OUT_IRQHandler
                0x0000000008000690                BDMA_Channel3_IRQHandler
                0x0000000008000690                UART7_IRQHandler
                0x0000000008000690                MDIOS_WKUP_IRQHandler
                0x0000000008000690                USART2_IRQHandler
                0x0000000008000690                DFSDM1_FLT0_IRQHandler
                0x0000000008000690                SAI4_IRQHandler
                0x0000000008000690                I2C2_ER_IRQHandler
                0x0000000008000690                DMA2_Stream1_IRQHandler
                0x0000000008000690                FLASH_IRQHandler
                0x0000000008000690                DMA2_Stream4_IRQHandler
                0x0000000008000690                USART1_IRQHandler
                0x0000000008000690                OTG_FS_IRQHandler
                0x0000000008000690                SPI3_IRQHandler
                0x0000000008000690                WAKEUP_PIN_IRQHandler
                0x0000000008000690                DMA1_Stream4_IRQHandler
                0x0000000008000690                OTG_FS_EP1_IN_IRQHandler
                0x0000000008000690                I2C1_ER_IRQHandler
                0x0000000008000690                FMC_IRQHandler
                0x0000000008000690                FDCAN_CAL_IRQHandler
                0x0000000008000690                SWPMI1_IRQHandler
                0x0000000008000690                COMP1_IRQHandler
                0x0000000008000690                LPTIM1_IRQHandler
                0x0000000008000690                I2C4_ER_IRQHandler
                0x0000000008000690                DMA2_Stream6_IRQHandler
                0x0000000008000690                SAI1_IRQHandler
                0x0000000008000690                DMA1_Stream3_IRQHandler
 *fill*         0x0000000008000692        0x2 
 .text.HAL_Init
                0x0000000008000694       0x78 Drivers/STM32H7xx_HAL_Driver/Src/stm32h7xx_hal.o
                0x0000000008000694                HAL_Init
 .text.HAL_InitTick
                0x000000000800070c       0x6c Drivers/STM32H7xx_HAL_Driver/Src/stm32h7xx_hal.o
                0x000000000800070c                HAL_InitTick
 .text.HAL_IncTick
                0x0000000008000778       0x28 Drivers/STM32H7xx_HAL_Driver/Src/stm32h7xx_hal.o
                0x0000000008000778                HAL_IncTick
 .text.HAL_GetTick
                0x00000000080007a0       0x18 Drivers/STM32H7xx_HAL_Driver/Src/stm32h7xx_hal.o
                0x00000000080007a0                HAL_GetTick
 .text.HAL_Delay
                0x00000000080007b8       0x44 Drivers/STM32H7xx_HAL_Driver/Src/stm32h7xx_hal.o
                0x00000000080007b8                HAL_Delay
 .text.HAL_GetREVID
                0x00000000080007fc       0x18 Drivers/STM32H7xx_HAL_Driver/Src/stm32h7xx_hal.o
                0x00000000080007fc                HAL_GetREVID
 .text.__NVIC_SetPriorityGrouping
                0x0000000008000814       0x48 Drivers/STM32H7xx_HAL_Driver/Src/stm32h7xx_hal_cortex.o
 .text.__NVIC_GetPriorityGrouping
                0x000000000800085c       0x1c Drivers/STM32H7xx_HAL_Driver/Src/stm32h7xx_hal_cortex.o
 .text.__NVIC_SetPriority
                0x0000000008000878       0x54 Drivers/STM32H7xx_HAL_Driver/Src/stm32h7xx_hal_cortex.o
 .text.NVIC_EncodePriority
                0x00000000080008cc       0x66 Drivers/STM32H7xx_HAL_Driver/Src/stm32h7xx_hal_cortex.o
 *fill*         0x0000000008000932        0x2 
 .text.SysTick_Config
                0x0000000008000934       0x44 Drivers/STM32H7xx_HAL_Driver/Src/stm32h7xx_hal_cortex.o
 .text.HAL_NVIC_SetPriorityGrouping
                0x0000000008000978       0x16 Drivers/STM32H7xx_HAL_Driver/Src/stm32h7xx_hal_cortex.o
                0x0000000008000978                HAL_NVIC_SetPriorityGrouping
 .text.HAL_NVIC_SetPriority
                0x000000000800098e       0x34 Drivers/STM32H7xx_HAL_Driver/Src/stm32h7xx_hal_cortex.o
                0x000000000800098e                HAL_NVIC_SetPriority
 .text.HAL_SYSTICK_Config
                0x00000000080009c2       0x18 Drivers/STM32H7xx_HAL_Driver/Src/stm32h7xx_hal_cortex.o
                0x00000000080009c2                HAL_SYSTICK_Config
 *fill*         0x00000000080009da        0x2 
 .text.HAL_GPIO_Init
                0x00000000080009dc      0x360 Drivers/STM32H7xx_HAL_Driver/Src/stm32h7xx_hal_gpio.o
                0x00000000080009dc                HAL_GPIO_Init
 .text.HAL_GPIO_WritePin
                0x0000000008000d3c       0x32 Drivers/STM32H7xx_HAL_Driver/Src/stm32h7xx_hal_gpio.o
                0x0000000008000d3c                HAL_GPIO_WritePin
 .text.HAL_GPIO_TogglePin
                0x0000000008000d6e       0x36 Drivers/STM32H7xx_HAL_Driver/Src/stm32h7xx_hal_gpio.o
                0x0000000008000d6e                HAL_GPIO_TogglePin
 .text.HAL_PWREx_ConfigSupply
                0x0000000008000da4       0x74 Drivers/STM32H7xx_HAL_Driver/Src/stm32h7xx_hal_pwr_ex.o
                0x0000000008000da4                HAL_PWREx_ConfigSupply
 .text.HAL_RCC_OscConfig
                0x0000000008000e18      0x820 Drivers/STM32H7xx_HAL_Driver/Src/stm32h7xx_hal_rcc.o
                0x0000000008000e18                HAL_RCC_OscConfig
 .text.HAL_RCC_ClockConfig
                0x0000000008001638      0x36c Drivers/STM32H7xx_HAL_Driver/Src/stm32h7xx_hal_rcc.o
                0x0000000008001638                HAL_RCC_ClockConfig
 .text.HAL_RCC_GetSysClockFreq
                0x00000000080019a4      0x2e4 Drivers/STM32H7xx_HAL_Driver/Src/stm32h7xx_hal_rcc.o
                0x00000000080019a4                HAL_RCC_GetSysClockFreq
 .text.__libc_init_array
                0x0000000008001c88       0x48 /opt/st/stm32cubeide_1.4.0/plugins/com.st.stm32cube.ide.mcu.externaltools.gnu-tools-for-stm32.7-2018-q2-update.linux64_1.4.0.202007081208/tools/bin/../lib/gcc/arm-none-eabi/7.3.1/../../../../arm-none-eabi/lib/thumb/v7e-m/fpv5/hard/libc_nano.a(lib_a-init.o)
                0x0000000008001c88                __libc_init_array
 .text.memset   0x0000000008001cd0       0x10 /opt/st/stm32cubeide_1.4.0/plugins/com.st.stm32cube.ide.mcu.externaltools.gnu-tools-for-stm32.7-2018-q2-update.linux64_1.4.0.202007081208/tools/bin/../lib/gcc/arm-none-eabi/7.3.1/../../../../arm-none-eabi/lib/thumb/v7e-m/fpv5/hard/libc_nano.a(lib_a-memset.o)
                0x0000000008001cd0                memset
 *(.glue_7)
 .glue_7        0x0000000008001ce0        0x0 linker stubs
 *(.glue_7t)
 .glue_7t       0x0000000008001ce0        0x0 linker stubs
 *(.eh_frame)
 .eh_frame      0x0000000008001ce0        0x0 /opt/st/stm32cubeide_1.4.0/plugins/com.st.stm32cube.ide.mcu.externaltools.gnu-tools-for-stm32.7-2018-q2-update.linux64_1.4.0.202007081208/tools/bin/../lib/gcc/arm-none-eabi/7.3.1/thumb/v7e-m/fpv5/hard/crtbegin.o
 *(.init)
 .init          0x0000000008001ce0        0x4 /opt/st/stm32cubeide_1.4.0/plugins/com.st.stm32cube.ide.mcu.externaltools.gnu-tools-for-stm32.7-2018-q2-update.linux64_1.4.0.202007081208/tools/bin/../lib/gcc/arm-none-eabi/7.3.1/thumb/v7e-m/fpv5/hard/crti.o
                0x0000000008001ce0                _init
 .init          0x0000000008001ce4        0x8 /opt/st/stm32cubeide_1.4.0/plugins/com.st.stm32cube.ide.mcu.externaltools.gnu-tools-for-stm32.7-2018-q2-update.linux64_1.4.0.202007081208/tools/bin/../lib/gcc/arm-none-eabi/7.3.1/thumb/v7e-m/fpv5/hard/crtn.o
 *(.fini)
 .fini          0x0000000008001cec        0x4 /opt/st/stm32cubeide_1.4.0/plugins/com.st.stm32cube.ide.mcu.externaltools.gnu-tools-for-stm32.7-2018-q2-update.linux64_1.4.0.202007081208/tools/bin/../lib/gcc/arm-none-eabi/7.3.1/thumb/v7e-m/fpv5/hard/crti.o
                0x0000000008001cec                _fini
 .fini          0x0000000008001cf0        0x8 /opt/st/stm32cubeide_1.4.0/plugins/com.st.stm32cube.ide.mcu.externaltools.gnu-tools-for-stm32.7-2018-q2-update.linux64_1.4.0.202007081208/tools/bin/../lib/gcc/arm-none-eabi/7.3.1/thumb/v7e-m/fpv5/hard/crtn.o
                0x0000000008001cf8                . = ALIGN (0x4)
                0x0000000008001cf8                _etext = .

.vfp11_veneer   0x0000000008001cf8        0x0
 .vfp11_veneer  0x0000000008001cf8        0x0 linker stubs

.v4_bx          0x0000000008001cf8        0x0
 .v4_bx         0x0000000008001cf8        0x0 linker stubs

.iplt           0x0000000008001cf8        0x0
 .iplt          0x0000000008001cf8        0x0 /opt/st/stm32cubeide_1.4.0/plugins/com.st.stm32cube.ide.mcu.externaltools.gnu-tools-for-stm32.7-2018-q2-update.linux64_1.4.0.202007081208/tools/bin/../lib/gcc/arm-none-eabi/7.3.1/thumb/v7e-m/fpv5/hard/crtbegin.o

.rodata         0x0000000008001cf8       0x10
                0x0000000008001cf8                . = ALIGN (0x4)
 *(.rodata)
 *(.rodata*)
 .rodata.D1CorePrescTable
                0x0000000008001cf8       0x10 Core/Src/system_stm32h7xx.o
                0x0000000008001cf8                D1CorePrescTable
                0x0000000008001d08                . = ALIGN (0x4)

.rel.dyn        0x0000000008001d08        0x0
 .rel.iplt      0x0000000008001d08        0x0 /opt/st/stm32cubeide_1.4.0/plugins/com.st.stm32cube.ide.mcu.externaltools.gnu-tools-for-stm32.7-2018-q2-update.linux64_1.4.0.202007081208/tools/bin/../lib/gcc/arm-none-eabi/7.3.1/thumb/v7e-m/fpv5/hard/crtbegin.o

.ARM.extab      0x0000000008001d08        0x0
                0x0000000008001d08                . = ALIGN (0x4)
 *(.ARM.extab* .gnu.linkonce.armextab.*)
                0x0000000008001d08                . = ALIGN (0x4)

.ARM            0x0000000008001d08        0x0
                0x0000000008001d08                . = ALIGN (0x4)
                0x0000000008001d08                __exidx_start = .
 *(.ARM.exidx*)
                0x0000000008001d08                __exidx_end = .
                0x0000000008001d08                . = ALIGN (0x4)

.preinit_array  0x0000000008001d08        0x0
                0x0000000008001d08                . = ALIGN (0x4)
                0x0000000008001d08                PROVIDE (__preinit_array_start = .)
 *(.preinit_array*)
                0x0000000008001d08                PROVIDE (__preinit_array_end = .)
                0x0000000008001d08                . = ALIGN (0x4)

.init_array     0x0000000008001d08        0x4
                0x0000000008001d08                . = ALIGN (0x4)
                0x0000000008001d08                PROVIDE (__init_array_start = .)
 *(SORT_BY_NAME(.init_array.*))
 *(.init_array*)
 .init_array    0x0000000008001d08        0x4 /opt/st/stm32cubeide_1.4.0/plugins/com.st.stm32cube.ide.mcu.externaltools.gnu-tools-for-stm32.7-2018-q2-update.linux64_1.4.0.202007081208/tools/bin/../lib/gcc/arm-none-eabi/7.3.1/thumb/v7e-m/fpv5/hard/crtbegin.o
                0x0000000008001d0c                PROVIDE (__init_array_end = .)
                0x0000000008001d0c                . = ALIGN (0x4)

.fini_array     0x0000000008001d0c        0x4
                0x0000000008001d0c                . = ALIGN (0x4)
                [!provide]                        PROVIDE (__fini_array_start = .)
 *(SORT_BY_NAME(.fini_array.*))
 *(.fini_array*)
 .fini_array    0x0000000008001d0c        0x4 /opt/st/stm32cubeide_1.4.0/plugins/com.st.stm32cube.ide.mcu.externaltools.gnu-tools-for-stm32.7-2018-q2-update.linux64_1.4.0.202007081208/tools/bin/../lib/gcc/arm-none-eabi/7.3.1/thumb/v7e-m/fpv5/hard/crtbegin.o
                [!provide]                        PROVIDE (__fini_array_end = .)
                0x0000000008001d10                . = ALIGN (0x4)
                0x0000000008001d10                _sidata = LOADADDR (.data)

.data           0x0000000024000000       0x14 load address 0x0000000008001d10
                0x0000000024000000                . = ALIGN (0x4)
                0x0000000024000000                _sdata = .
 *(.data)
 *(.data*)
 .data.test     0x0000000024000000        0x4 Core/Lib/kontrolka.o
                0x0000000024000000                test
 .data.SystemCoreClock
                0x0000000024000004        0x4 Core/Src/system_stm32h7xx.o
                0x0000000024000004                SystemCoreClock
 .data.SystemD2Clock
                0x0000000024000008        0x4 Core/Src/system_stm32h7xx.o
                0x0000000024000008                SystemD2Clock
 .data.uwTickPrio
                0x000000002400000c        0x4 Drivers/STM32H7xx_HAL_Driver/Src/stm32h7xx_hal.o
                0x000000002400000c                uwTickPrio
 .data.uwTickFreq
                0x0000000024000010        0x1 Drivers/STM32H7xx_HAL_Driver/Src/stm32h7xx_hal.o
                0x0000000024000010                uwTickFreq
                0x0000000024000014                . = ALIGN (0x4)
 *fill*         0x0000000024000011        0x3 
                0x0000000024000014                _edata = .

.igot.plt       0x0000000024000014        0x0 load address 0x0000000008001d24
 .igot.plt      0x0000000024000014        0x0 /opt/st/stm32cubeide_1.4.0/plugins/com.st.stm32cube.ide.mcu.externaltools.gnu-tools-for-stm32.7-2018-q2-update.linux64_1.4.0.202007081208/tools/bin/../lib/gcc/arm-none-eabi/7.3.1/thumb/v7e-m/fpv5/hard/crtbegin.o
                0x0000000024000014                . = ALIGN (0x4)

.bss            0x0000000024000014       0x20 load address 0x0000000008001d24
                0x0000000024000014                _sbss = .
                0x0000000024000014                __bss_start__ = _sbss
 *(.bss)
 .bss           0x0000000024000014       0x1c /opt/st/stm32cubeide_1.4.0/plugins/com.st.stm32cube.ide.mcu.externaltools.gnu-tools-for-stm32.7-2018-q2-update.linux64_1.4.0.202007081208/tools/bin/../lib/gcc/arm-none-eabi/7.3.1/thumb/v7e-m/fpv5/hard/crtbegin.o
 *(.bss*)
 *(COMMON)
 COMMON         0x0000000024000030        0x4 Drivers/STM32H7xx_HAL_Driver/Src/stm32h7xx_hal.o
                0x0000000024000030                uwTick
                0x0000000024000034                . = ALIGN (0x4)
                0x0000000024000034                _ebss = .
                0x0000000024000034                __bss_end__ = _ebss

._user_heap_stack
                0x0000000024000034      0x604 load address 0x0000000008001d24
                0x0000000024000038                . = ALIGN (0x8)
 *fill*         0x0000000024000034        0x4 
                [!provide]                        PROVIDE (end = .)
                0x0000000024000038                PROVIDE (_end = .)
                0x0000000024000238                . = (. + _Min_Heap_Size)
 *fill*         0x0000000024000038      0x200 
                0x0000000024000638                . = (. + _Min_Stack_Size)
 *fill*         0x0000000024000238      0x400 
                0x0000000024000638                . = ALIGN (0x8)

/DISCARD/
 libc.a(*)
 libm.a(*)
 libgcc.a(*)

.ARM.attributes
                0x0000000000000000       0x2e
 *(.ARM.attributes)
 .ARM.attributes
                0x0000000000000000       0x20 /opt/st/stm32cubeide_1.4.0/plugins/com.st.stm32cube.ide.mcu.externaltools.gnu-tools-for-stm32.7-2018-q2-update.linux64_1.4.0.202007081208/tools/bin/../lib/gcc/arm-none-eabi/7.3.1/thumb/v7e-m/fpv5/hard/crti.o
 .ARM.attributes
                0x0000000000000020       0x32 /opt/st/stm32cubeide_1.4.0/plugins/com.st.stm32cube.ide.mcu.externaltools.gnu-tools-for-stm32.7-2018-q2-update.linux64_1.4.0.202007081208/tools/bin/../lib/gcc/arm-none-eabi/7.3.1/thumb/v7e-m/fpv5/hard/crtbegin.o
 .ARM.attributes
                0x0000000000000052       0x37 Core/Lib/kontrolka.o
 .ARM.attributes
                0x0000000000000089       0x37 Core/Src/gpio.o
 .ARM.attributes
                0x00000000000000c0       0x37 Core/Src/main.o
 .ARM.attributes
                0x00000000000000f7       0x37 Core/Src/stm32h7xx_hal_msp.o
 .ARM.attributes
                0x000000000000012e       0x37 Core/Src/stm32h7xx_it.o
 .ARM.attributes
                0x0000000000000165       0x37 Core/Src/system_stm32h7xx.o
 .ARM.attributes
                0x000000000000019c       0x21 Core/Startup/startup_stm32h743zitx.o
 .ARM.attributes
                0x00000000000001bd       0x37 Drivers/STM32H7xx_HAL_Driver/Src/stm32h7xx_hal.o
 .ARM.attributes
                0x00000000000001f4       0x37 Drivers/STM32H7xx_HAL_Driver/Src/stm32h7xx_hal_cortex.o
 .ARM.attributes
                0x000000000000022b       0x37 Drivers/STM32H7xx_HAL_Driver/Src/stm32h7xx_hal_gpio.o
 .ARM.attributes
                0x0000000000000262       0x37 Drivers/STM32H7xx_HAL_Driver/Src/stm32h7xx_hal_pwr_ex.o
 .ARM.attributes
                0x0000000000000299       0x37 Drivers/STM32H7xx_HAL_Driver/Src/stm32h7xx_hal_rcc.o
 .ARM.attributes
                0x00000000000002d0       0x32 /opt/st/stm32cubeide_1.4.0/plugins/com.st.stm32cube.ide.mcu.externaltools.gnu-tools-for-stm32.7-2018-q2-update.linux64_1.4.0.202007081208/tools/bin/../lib/gcc/arm-none-eabi/7.3.1/../../../../arm-none-eabi/lib/thumb/v7e-m/fpv5/hard/libc_nano.a(lib_a-init.o)
 .ARM.attributes
                0x0000000000000302       0x32 /opt/st/stm32cubeide_1.4.0/plugins/com.st.stm32cube.ide.mcu.externaltools.gnu-tools-for-stm32.7-2018-q2-update.linux64_1.4.0.202007081208/tools/bin/../lib/gcc/arm-none-eabi/7.3.1/../../../../arm-none-eabi/lib/thumb/v7e-m/fpv5/hard/libc_nano.a(lib_a-memset.o)
 .ARM.attributes
                0x0000000000000334       0x20 /opt/st/stm32cubeide_1.4.0/plugins/com.st.stm32cube.ide.mcu.externaltools.gnu-tools-for-stm32.7-2018-q2-update.linux64_1.4.0.202007081208/tools/bin/../lib/gcc/arm-none-eabi/7.3.1/thumb/v7e-m/fpv5/hard/crtn.o
OUTPUT(Panel.elf elf32-littlearm)

.debug_info     0x0000000000000000     0xcee1
 .debug_info    0x0000000000000000       0x3a Core/Lib/kontrolka.o
 .debug_info    0x000000000000003a      0xf9d Core/Src/gpio.o
 .debug_info    0x0000000000000fd7     0x1014 Core/Src/main.o
 .debug_info    0x0000000000001feb      0xe53 Core/Src/stm32h7xx_hal_msp.o
 .debug_info    0x0000000000002e3e      0xb36 Core/Src/stm32h7xx_it.o
 .debug_info    0x0000000000003974     0x15e1 Core/Src/system_stm32h7xx.o
 .debug_info    0x0000000000004f55       0x22 Core/Startup/startup_stm32h743zitx.o
 .debug_info    0x0000000000004f77     0x1e00 Drivers/STM32H7xx_HAL_Driver/Src/stm32h7xx_hal.o
 .debug_info    0x0000000000006d77     0x1a74 Drivers/STM32H7xx_HAL_Driver/Src/stm32h7xx_hal_cortex.o
 .debug_info    0x00000000000087eb     0x1640 Drivers/STM32H7xx_HAL_Driver/Src/stm32h7xx_hal_gpio.o
 .debug_info    0x0000000000009e2b     0x1915 Drivers/STM32H7xx_HAL_Driver/Src/stm32h7xx_hal_pwr_ex.o
 .debug_info    0x000000000000b740     0x17a1 Drivers/STM32H7xx_HAL_Driver/Src/stm32h7xx_hal_rcc.o

.debug_abbrev   0x0000000000000000     0x1970
 .debug_abbrev  0x0000000000000000       0x2f Core/Lib/kontrolka.o
 .debug_abbrev  0x000000000000002f      0x1fd Core/Src/gpio.o
 .debug_abbrev  0x000000000000022c      0x246 Core/Src/main.o
 .debug_abbrev  0x0000000000000472      0x1e5 Core/Src/stm32h7xx_hal_msp.o
 .debug_abbrev  0x0000000000000657      0x1c9 Core/Src/stm32h7xx_it.o
 .debug_abbrev  0x0000000000000820      0x22e Core/Src/system_stm32h7xx.o
 .debug_abbrev  0x0000000000000a4e       0x12 Core/Startup/startup_stm32h743zitx.o
 .debug_abbrev  0x0000000000000a60      0x2d9 Drivers/STM32H7xx_HAL_Driver/Src/stm32h7xx_hal.o
 .debug_abbrev  0x0000000000000d39      0x3b5 Drivers/STM32H7xx_HAL_Driver/Src/stm32h7xx_hal_cortex.o
 .debug_abbrev  0x00000000000010ee      0x28f Drivers/STM32H7xx_HAL_Driver/Src/stm32h7xx_hal_gpio.o
 .debug_abbrev  0x000000000000137d      0x311 Drivers/STM32H7xx_HAL_Driver/Src/stm32h7xx_hal_pwr_ex.o
 .debug_abbrev  0x000000000000168e      0x2e2 Drivers/STM32H7xx_HAL_Driver/Src/stm32h7xx_hal_rcc.o

.debug_aranges  0x0000000000000000      0x648
 .debug_aranges
                0x0000000000000000       0x18 Core/Lib/kontrolka.o
 .debug_aranges
                0x0000000000000018       0x20 Core/Src/gpio.o
 .debug_aranges
                0x0000000000000038       0x30 Core/Src/main.o
 .debug_aranges
                0x0000000000000068       0x20 Core/Src/stm32h7xx_hal_msp.o
 .debug_aranges
                0x0000000000000088       0x60 Core/Src/stm32h7xx_it.o
 .debug_aranges
                0x00000000000000e8       0x28 Core/Src/system_stm32h7xx.o
 .debug_aranges
                0x0000000000000110       0x28 Core/Startup/startup_stm32h743zitx.o
 .debug_aranges
                0x0000000000000138      0x1b8 Drivers/STM32H7xx_HAL_Driver/Src/stm32h7xx_hal.o
 .debug_aranges
                0x00000000000002f0      0x120 Drivers/STM32H7xx_HAL_Driver/Src/stm32h7xx_hal_cortex.o
 .debug_aranges
                0x0000000000000410       0x58 Drivers/STM32H7xx_HAL_Driver/Src/stm32h7xx_hal_gpio.o
 .debug_aranges
                0x0000000000000468      0x158 Drivers/STM32H7xx_HAL_Driver/Src/stm32h7xx_hal_pwr_ex.o
 .debug_aranges
                0x00000000000005c0       0x88 Drivers/STM32H7xx_HAL_Driver/Src/stm32h7xx_hal_rcc.o

.debug_macro    0x0000000000000000    0x33e13
 .debug_macro   0x0000000000000000       0x1b Core/Lib/kontrolka.o
 .debug_macro   0x000000000000001b      0xa66 Core/Lib/kontrolka.o
 .debug_macro   0x0000000000000a81      0x28b Core/Src/gpio.o
 .debug_macro   0x0000000000000d0c      0x22c Core/Src/gpio.o
 .debug_macro   0x0000000000000f38       0x2e Core/Src/gpio.o
 .debug_macro   0x0000000000000f66       0x3b Core/Src/gpio.o
 .debug_macro   0x0000000000000fa1       0x22 Core/Src/gpio.o
 .debug_macro   0x0000000000000fc3       0x8e Core/Src/gpio.o
 .debug_macro   0x0000000000001051       0x51 Core/Src/gpio.o
 .debug_macro   0x00000000000010a2       0xef Core/Src/gpio.o
 .debug_macro   0x0000000000001191       0x6a Core/Src/gpio.o
 .debug_macro   0x00000000000011fb      0x1df Core/Src/gpio.o
 .debug_macro   0x00000000000013da       0x1c Core/Src/gpio.o
 .debug_macro   0x00000000000013f6       0x22 Core/Src/gpio.o
 .debug_macro   0x0000000000001418       0xdf Core/Src/gpio.o
 .debug_macro   0x00000000000014f7     0x12cd Core/Src/gpio.o
 .debug_macro   0x00000000000027c4      0x11f Core/Src/gpio.o
 .debug_macro   0x00000000000028e3       0x19 Core/Src/gpio.o
 .debug_macro   0x00000000000028fc    0x2538b Core/Src/gpio.o
 .debug_macro   0x0000000000027c87       0x43 Core/Src/gpio.o
 .debug_macro   0x0000000000027cca     0x3cd3 Core/Src/gpio.o
 .debug_macro   0x000000000002b99d      0x174 Core/Src/gpio.o
 .debug_macro   0x000000000002bb11       0x46 Core/Src/gpio.o
 .debug_macro   0x000000000002bb57       0x17 Core/Src/gpio.o
 .debug_macro   0x000000000002bb6e       0x3c Core/Src/gpio.o
 .debug_macro   0x000000000002bbaa       0x34 Core/Src/gpio.o
 .debug_macro   0x000000000002bbde       0x52 Core/Src/gpio.o
 .debug_macro   0x000000000002bc30       0x1f Core/Src/gpio.o
 .debug_macro   0x000000000002bc4f       0x43 Core/Src/gpio.o
 .debug_macro   0x000000000002bc92       0x20 Core/Src/gpio.o
 .debug_macro   0x000000000002bcb2      0x1a3 Core/Src/gpio.o
 .debug_macro   0x000000000002be55      0x32a Core/Src/gpio.o
 .debug_macro   0x000000000002c17f      0x1e1 Core/Src/gpio.o
 .debug_macro   0x000000000002c360       0x54 Core/Src/gpio.o
 .debug_macro   0x000000000002c3b4     0x2382 Core/Src/gpio.o
 .debug_macro   0x000000000002e736     0x1009 Core/Src/gpio.o
 .debug_macro   0x000000000002f73f      0x138 Core/Src/gpio.o
 .debug_macro   0x000000000002f877      0x117 Core/Src/gpio.o
 .debug_macro   0x000000000002f98e      0x3b2 Core/Src/gpio.o
 .debug_macro   0x000000000002fd40       0x27 Core/Src/gpio.o
 .debug_macro   0x000000000002fd67      0x72d Core/Src/gpio.o
 .debug_macro   0x0000000000030494      0x229 Core/Src/gpio.o
 .debug_macro   0x00000000000306bd       0x66 Core/Src/gpio.o
 .debug_macro   0x0000000000030723      0x3bb Core/Src/gpio.o
 .debug_macro   0x0000000000030ade      0x3e5 Core/Src/gpio.o
 .debug_macro   0x0000000000030ec3      0x275 Core/Src/gpio.o
 .debug_macro   0x0000000000031138      0x3cb Core/Src/gpio.o
 .debug_macro   0x0000000000031503      0x41d Core/Src/gpio.o
 .debug_macro   0x0000000000031920       0x51 Core/Src/gpio.o
 .debug_macro   0x0000000000031971       0x4a Core/Src/gpio.o
 .debug_macro   0x00000000000319bb      0x22c Core/Src/gpio.o
 .debug_macro   0x0000000000031be7       0x64 Core/Src/gpio.o
 .debug_macro   0x0000000000031c4b       0xa5 Core/Src/gpio.o
 .debug_macro   0x0000000000031cf0      0x1c5 Core/Src/gpio.o
 .debug_macro   0x0000000000031eb5      0x25f Core/Src/gpio.o
 .debug_macro   0x0000000000032114       0x35 Core/Src/gpio.o
 .debug_macro   0x0000000000032149      0x5a0 Core/Src/gpio.o
 .debug_macro   0x00000000000326e9       0x10 Core/Src/gpio.o
 .debug_macro   0x00000000000326f9      0x299 Core/Src/main.o
 .debug_macro   0x0000000000032992      0x281 Core/Src/stm32h7xx_hal_msp.o
 .debug_macro   0x0000000000032c13      0x28b Core/Src/stm32h7xx_it.o
 .debug_macro   0x0000000000032e9e      0x278 Core/Src/system_stm32h7xx.o
 .debug_macro   0x0000000000033116      0x29c Drivers/STM32H7xx_HAL_Driver/Src/stm32h7xx_hal.o
 .debug_macro   0x00000000000333b2      0x272 Drivers/STM32H7xx_HAL_Driver/Src/stm32h7xx_hal_cortex.o
 .debug_macro   0x0000000000033624      0x2ae Drivers/STM32H7xx_HAL_Driver/Src/stm32h7xx_hal_gpio.o
 .debug_macro   0x00000000000338d2      0x2ab Drivers/STM32H7xx_HAL_Driver/Src/stm32h7xx_hal_pwr_ex.o
 .debug_macro   0x0000000000033b7d      0x296 Drivers/STM32H7xx_HAL_Driver/Src/stm32h7xx_hal_rcc.o

.debug_line     0x0000000000000000     0x6044
 .debug_line    0x0000000000000000       0x47 Core/Lib/kontrolka.o
 .debug_line    0x0000000000000047      0x7ba Core/Src/gpio.o
 .debug_line    0x0000000000000801      0x82e Core/Src/main.o
 .debug_line    0x000000000000102f      0x7b6 Core/Src/stm32h7xx_hal_msp.o
 .debug_line    0x00000000000017e5      0x85b Core/Src/stm32h7xx_it.o
 .debug_line    0x0000000000002040      0x802 Core/Src/system_stm32h7xx.o
 .debug_line    0x0000000000002842       0x87 Core/Startup/startup_stm32h743zitx.o
 .debug_line    0x00000000000028c9      0xbb4 Drivers/STM32H7xx_HAL_Driver/Src/stm32h7xx_hal.o
 .debug_line    0x000000000000347d      0xaf3 Drivers/STM32H7xx_HAL_Driver/Src/stm32h7xx_hal_cortex.o
 .debug_line    0x0000000000003f70      0x9ae Drivers/STM32H7xx_HAL_Driver/Src/stm32h7xx_hal_gpio.o
 .debug_line    0x000000000000491e      0xb90 Drivers/STM32H7xx_HAL_Driver/Src/stm32h7xx_hal_pwr_ex.o
 .debug_line    0x00000000000054ae      0xb96 Drivers/STM32H7xx_HAL_Driver/Src/stm32h7xx_hal_rcc.o

.debug_str      0x0000000000000000   0x14b2b5
 .debug_str     0x0000000000000000     0x2d21 Core/Lib/kontrolka.o
 .debug_str     0x0000000000002d21   0x1460ed Core/Src/gpio.o
                                     0x1492f8 (size before relaxing)
 .debug_str     0x0000000000148e0e      0x270 Core/Src/main.o
                                     0x14931c (size before relaxing)
 .debug_str     0x000000000014907e       0x2c Core/Src/stm32h7xx_hal_msp.o
                                     0x14925d (size before relaxing)
 .debug_str     0x00000000001490aa       0xbd Core/Src/stm32h7xx_it.o
                                     0x1490c4 (size before relaxing)
 .debug_str     0x0000000000149167      0x332 Core/Src/system_stm32h7xx.o
                                     0x149545 (size before relaxing)
 .debug_str     0x0000000000149499       0x36 Core/Startup/startup_stm32h743zitx.o
                                         0x68 (size before relaxing)
 .debug_str     0x00000000001494cf      0xf85 Drivers/STM32H7xx_HAL_Driver/Src/stm32h7xx_hal.o
                                     0x14a3d2 (size before relaxing)
 .debug_str     0x000000000014a454      0x3b9 Drivers/STM32H7xx_HAL_Driver/Src/stm32h7xx_hal_cortex.o
                                     0x149e5d (size before relaxing)
 .debug_str     0x000000000014a80d      0x204 Drivers/STM32H7xx_HAL_Driver/Src/stm32h7xx_hal_gpio.o
                                     0x1495f5 (size before relaxing)
 .debug_str     0x000000000014aa11      0x638 Drivers/STM32H7xx_HAL_Driver/Src/stm32h7xx_hal_pwr_ex.o
                                     0x1499a9 (size before relaxing)
 .debug_str     0x000000000014b049      0x26c Drivers/STM32H7xx_HAL_Driver/Src/stm32h7xx_hal_rcc.o
                                     0x149884 (size before relaxing)

.comment        0x0000000000000000       0x7b
 .comment       0x0000000000000000       0x7b Core/Lib/kontrolka.o
                                         0x7c (size before relaxing)
 .comment       0x000000000000007b       0x7c Core/Src/gpio.o
 .comment       0x000000000000007b       0x7c Core/Src/main.o
 .comment       0x000000000000007b       0x7c Core/Src/stm32h7xx_hal_msp.o
 .comment       0x000000000000007b       0x7c Core/Src/stm32h7xx_it.o
 .comment       0x000000000000007b       0x7c Core/Src/system_stm32h7xx.o
 .comment       0x000000000000007b       0x7c Drivers/STM32H7xx_HAL_Driver/Src/stm32h7xx_hal.o
 .comment       0x000000000000007b       0x7c Drivers/STM32H7xx_HAL_Driver/Src/stm32h7xx_hal_cortex.o
 .comment       0x000000000000007b       0x7c Drivers/STM32H7xx_HAL_Driver/Src/stm32h7xx_hal_gpio.o
 .comment       0x000000000000007b       0x7c Drivers/STM32H7xx_HAL_Driver/Src/stm32h7xx_hal_pwr_ex.o
 .comment       0x000000000000007b       0x7c Drivers/STM32H7xx_HAL_Driver/Src/stm32h7xx_hal_rcc.o

.debug_ranges   0x0000000000000000      0x588
 .debug_ranges  0x0000000000000000       0x10 Core/Src/gpio.o
 .debug_ranges  0x0000000000000010       0x20 Core/Src/main.o
 .debug_ranges  0x0000000000000030       0x10 Core/Src/stm32h7xx_hal_msp.o
 .debug_ranges  0x0000000000000040       0x50 Core/Src/stm32h7xx_it.o
 .debug_ranges  0x0000000000000090       0x18 Core/Src/system_stm32h7xx.o
 .debug_ranges  0x00000000000000a8       0x20 Core/Startup/startup_stm32h743zitx.o
 .debug_ranges  0x00000000000000c8      0x1a8 Drivers/STM32H7xx_HAL_Driver/Src/stm32h7xx_hal.o
 .debug_ranges  0x0000000000000270      0x110 Drivers/STM32H7xx_HAL_Driver/Src/stm32h7xx_hal_cortex.o
 .debug_ranges  0x0000000000000380       0x48 Drivers/STM32H7xx_HAL_Driver/Src/stm32h7xx_hal_gpio.o
 .debug_ranges  0x00000000000003c8      0x148 Drivers/STM32H7xx_HAL_Driver/Src/stm32h7xx_hal_pwr_ex.o
 .debug_ranges  0x0000000000000510       0x78 Drivers/STM32H7xx_HAL_Driver/Src/stm32h7xx_hal_rcc.o

.debug_frame    0x0000000000000000     0x1718
 .debug_frame   0x0000000000000000       0x34 Core/Src/gpio.o
 .debug_frame   0x0000000000000034       0x70 Core/Src/main.o
 .debug_frame   0x00000000000000a4       0x38 Core/Src/stm32h7xx_hal_msp.o
 .debug_frame   0x00000000000000dc      0x10c Core/Src/stm32h7xx_it.o
 .debug_frame   0x00000000000001e8       0x58 Core/Src/system_stm32h7xx.o
 .debug_frame   0x0000000000000240      0x710 Drivers/STM32H7xx_HAL_Driver/Src/stm32h7xx_hal.o
 .debug_frame   0x0000000000000950      0x4b8 Drivers/STM32H7xx_HAL_Driver/Src/stm32h7xx_hal_cortex.o
 .debug_frame   0x0000000000000e08      0x14c Drivers/STM32H7xx_HAL_Driver/Src/stm32h7xx_hal_gpio.o
 .debug_frame   0x0000000000000f54      0x580 Drivers/STM32H7xx_HAL_Driver/Src/stm32h7xx_hal_pwr_ex.o
 .debug_frame   0x00000000000014d4      0x1f8 Drivers/STM32H7xx_HAL_Driver/Src/stm32h7xx_hal_rcc.o
 .debug_frame   0x00000000000016cc       0x2c /opt/st/stm32cubeide_1.4.0/plugins/com.st.stm32cube.ide.mcu.externaltools.gnu-tools-for-stm32.7-2018-q2-update.linux64_1.4.0.202007081208/tools/bin/../lib/gcc/arm-none-eabi/7.3.1/../../../../arm-none-eabi/lib/thumb/v7e-m/fpv5/hard/libc_nano.a(lib_a-init.o)
 .debug_frame   0x00000000000016f8       0x20 /opt/st/stm32cubeide_1.4.0/plugins/com.st.stm32cube.ide.mcu.externaltools.gnu-tools-for-stm32.7-2018-q2-update.linux64_1.4.0.202007081208/tools/bin/../lib/gcc/arm-none-eabi/7.3.1/../../../../arm-none-eabi/lib/thumb/v7e-m/fpv5/hard/libc_nano.a(lib_a-memset.o)
